
public class FieldRegionDecls {
    
    public FieldRegionDecls() {
        super();
    }
    region r1;
    region r2;
    region r3;
}